=== Destruction Log - 2026-02-24T12:44:21.149Z ===
[2026-02-24T12:44:21.152Z] 🚀 Starting Project Deletion...
[2026-02-24T12:44:30.611Z] 🪣 3 bucket(s) trouvé(s)
[2026-02-24T12:44:30.613Z] 
🔄 Traitement de "s3-lab05-sdk-1771936020498"...
[2026-02-24T12:44:31.093Z] Suppression de 2 objet(s)...
[2026-02-24T12:44:31.238Z] Tous les objets du bucket "s3-lab05-sdk-1771936020498" ont été supprimés
[2026-02-24T12:44:31.587Z] ✅ Bucket "s3-lab05-sdk-1771936020498" supprimé avec succès
[2026-02-24T12:44:31.589Z] 
🔄 Traitement de "s3-lab05-sdk-1771936102942"...
[2026-02-24T12:44:31.833Z] Suppression de 2 objet(s)...
[2026-02-24T12:44:31.964Z] Tous les objets du bucket "s3-lab05-sdk-1771936102942" ont été supprimés
[2026-02-24T12:44:32.309Z] ✅ Bucket "s3-lab05-sdk-1771936102942" supprimé avec succès
[2026-02-24T12:44:32.311Z] 
🔄 Traitement de "s3-lab05-sdk-1771936762933"...
[2026-02-24T12:44:32.603Z] Suppression de 2 objet(s)...
[2026-02-24T12:44:32.754Z] Tous les objets du bucket "s3-lab05-sdk-1771936762933" ont été supprimés
[2026-02-24T12:44:33.068Z] ✅ Bucket "s3-lab05-sdk-1771936762933" supprimé avec succès
[2026-02-24T12:44:54.556Z] 
✅ Project deleted successfully...
